Ducky Forth welcomes you

123 
-127 
7FF7 
-111111111110111 
