MAX-INT  7FFF 7FFF 
MIN-INT  -8000 8000 
MAX-UINT -1 FFFF 
MIN-UINT 0 0 
