Ducky Forth welcomes you

DuckyFORTH VERSION 1 
3312 CELLS REMAINING
OK 
