MAX-INT  7FFFFFFF 7FFFFFFF 
MIN-INT  -80000000 80000000 
MAX-UINT -1 FFFFFFFF 
MIN-UINT 0 0 
