DuckyFORTH VERSION 2 
1537 CELLS REMAINING
OK 
