
  .include "defs.asm"
  .section .rodata


.L1_global:


  .text
  .global fn

fn:
  sub sp, 26
  push r12


  mov r12, fp
  add r12, -10

.L2_fn_return:
  pop r12
  add sp, 26
  ret


_start:
  call &main
  int $INT_HALT
  .global _start
