
  .include "defs.asm"
  .section .rodata


.L1_global:


  .text
  .global f

f:
  sub sp, 4
  push r11
  push r12


  lb r12, fp[-4]
  mov r11, r12

.L2_f_return:
  pop r12
  pop r11
  add sp, 4
  ret


_start:
  call &main
  int $INT_HALT
  .global _start
