
  .include "defs.asm"
  .section .rodata


.L1_global:


  .text
  .global fn

fn:
  sub sp, 28
  push r11
  push r12


  lb r12, fp[-6]
  mov r11, r12

.L2_fn_return:
  pop r12
  pop r11
  add sp, 28
  ret


_start:
  call &main
  int $INT_HALT
  .global _start
