
  .include "defs.asm"
  .section .rodata


.L1_global:


  .text
  .global f

f:
  sub sp, 4
  push r12


  mov r12, fp
  add r12, -4

.L2_f_return:
  pop r12
  add sp, 4
  ret


_start:
  call &main
  int $INT_HALT
  .global _start
